// Jest Snapshot v1, https://goo.gl/fbAQLP

exports[`should display suggestion links 1`] = `
<DropdownOverlay>
  <ul
    className="menu abs-width-240"
  >
    <React.Fragment>
      <li
        className="menu-header"
      >
        embed_docs.suggestion
      </li>
      <li
        key="0"
      >
        <Link
          onClick={[MockFunction]}
          onlyActiveOnIndex={false}
          style={Object {}}
          to="#"
        >
          foo
        </Link>
      </li>
      <li
        key="1"
      >
        <Link
          onClick={[MockFunction]}
          onlyActiveOnIndex={false}
          style={Object {}}
          to="#"
        >
          bar
        </Link>
      </li>
      <li
        className="divider"
      />
    </React.Fragment>
    <li>
      <Link
        onClick={[MockFunction]}
        onlyActiveOnIndex={false}
        style={Object {}}
        to="/documentation"
      >
        embed_docs.documentation
      </Link>
    </li>
    <li>
      <Link
        onClick={[MockFunction]}
        onlyActiveOnIndex={false}
        style={Object {}}
        to="/web_api"
      >
        api_documentation.page
      </Link>
    </li>
    <React.Fragment>
      <li>
        <a
          href="#"
          onClick={[Function]}
        >
          embed_docs.analyze_new_project
        </a>
      </li>
      <li
        className="divider"
      />
      <li>
        <a
          href="https://community.sonarsource.com/"
          rel="noopener noreferrer"
          target="_blank"
        >
          embed_docs.get_help
        </a>
      </li>
      <li
        className="divider"
      />
      <li
        className="menu-header"
      >
        embed_docs.stay_connected
      </li>
      <li>
        <a
          href="https://www.sonarsource.com/resources/product-news/"
          rel="noopener noreferrer"
          target="_blank"
        >
          <img
            alt="Product News"
            className="spacer-right"
            height="18"
            src="/images/embed-doc/sq-icon.svg"
            width="18"
          />
          Product News
        </a>
      </li>
      <li>
        <a
          href="https://twitter.com/SonarQube"
          rel="noopener noreferrer"
          target="_blank"
        >
          <img
            alt="Twitter"
            className="spacer-right"
            height="18"
            src="/images/embed-doc/twitter-icon.svg"
            width="18"
          />
          Twitter
        </a>
      </li>
    </React.Fragment>
  </ul>
</DropdownOverlay>
`;
