// Jest Snapshot v1, https://goo.gl/fbAQLP

exports[`should fetch warnings and render 1`] = `
<Modal
  contentLabel="warnings"
  onRequestClose={[MockFunction]}
>
  <header
    className="modal-head"
  >
    <h2>
      warnings
    </h2>
  </header>
  <div
    className="modal-body js-analysis-warnings"
  >
    <DeferredSpinner
      loading={false}
      timeout={100}
    >
      <div
        className="panel panel-vertical"
        key="0"
      >
        <WarningIcon
          className="pull-left spacer-right"
        />
        <div
          className="overflow-hidden markdown"
        >
          message foo
        </div>
      </div>
      <div
        className="panel panel-vertical"
        key="1"
      >
        <WarningIcon
          className="pull-left spacer-right"
        />
        <div
          className="overflow-hidden markdown"
        >
          message-bar
        </div>
      </div>
    </DeferredSpinner>
  </div>
  <footer
    className="modal-foot"
  >
    <ResetButtonLink
      className="js-modal-close"
      onClick={[MockFunction]}
    >
      close
    </ResetButtonLink>
  </footer>
</Modal>
`;
