// Jest Snapshot v1, https://goo.gl/fbAQLP

exports[`should render correctly 1`] = `
<div>
  <strong
    className="sw-mr-1"
  >
    124 / 
    <span
      className="it__page-counter-total"
    >
      1,234
    </span>
  </strong>
  label
</div>
`;
