// Jest Snapshot v1, https://goo.gl/fbAQLP

exports[`should behave correctly: OAuthProvider link 1`] = `
<a
  class="identity-provider-link"
  href="/sessions/init/github?return_to=%2Fsome%2Fpath"
  style="background-color: rgb(0, 0, 0);"
>
  <img
    alt="Github"
    height="20"
    src="/path/icon.svg"
    width="20"
  />
  <span>
    login.login_with_x.Github
  </span>
</a>
`;
