// Jest Snapshot v1, https://goo.gl/fbAQLP

exports[`should render 1`] = `
<header
  className="workspace-viewer-header"
>
  <h6
    className="workspace-viewer-name"
  >
    <div
      id="workspace-header-children"
    />
  </h6>
  <DraggableCore
    allowAnyClick={false}
    disabled={false}
    enableUserSelectHack={true}
    offsetParent={<body />}
    onDrag={[Function]}
    onMouseDown={[Function]}
    onStart={[Function]}
    onStop={[Function]}
    scale={1}
  >
    <div
      className="workspace-viewer-resize js-resize"
    />
  </DraggableCore>
  <div
    className="workspace-viewer-actions"
  >
    <WorkspaceHeaderButton
      icon={[Function]}
      onClick={[MockFunction]}
      tooltip="workspace.minimize"
    />
    <WorkspaceHeaderButton
      icon={[Function]}
      onClick={[MockFunction]}
      tooltip="workspace.full_window"
    />
    <WorkspaceHeaderButton
      icon={[Function]}
      onClick={[MockFunction]}
      tooltip="workspace.close"
    />
  </div>
</header>
`;
