// Jest Snapshot v1, https://goo.gl/fbAQLP

exports[`should render correctly 1`] = `
<HotspotActionsFormRenderer
  hotspotKey="key"
  onAssign={[Function]}
  onSelectOption={[Function]}
  onSubmit={[Function]}
  selectedOption="FIXED"
  submitting={false}
/>
`;
