// Jest Snapshot v1, https://goo.gl/fbAQLP

exports[`renders 1`] = `
<div
  className="sw-py-8 sw-text-center"
>
  <Highlight
    as="h3"
    className="sw-mb-2 sw-body-md-highlight"
  >
    projects.no_favorite_projects
  </Highlight>
  <div>
    <p
      className="sw-mt-2 sw-body-sm"
    >
      projects.no_favorite_projects.engagement
    </p>
    <p
      className="sw-mt-6"
    >
      <StandoutLink
        className="sw-mt-6 sw-body-sm-highlight"
        to="/projects/all"
      >
        projects.explore_projects
      </StandoutLink>
    </p>
  </div>
</div>
`;
