// Jest Snapshot v1, https://goo.gl/fbAQLP

exports[`should render correctly 1`] = `
<div
  class="overview-card"
>
  <div
    class="overview-card-header"
  >
    <div
      class="overview-title"
    >
      <span>
        metric_domain.Reliability
      </span>
      <a
        class="spacer-left small"
      >
        layout.measures
      </a>
    </div>
  </div>
  <div
    class="overview-domain-panel"
  >
    <div
      class="overview-domain-nutshell"
    >
      <div
        class="overview-domain-measures"
      >
        <div
          class="overview-domain-measure"
        >
          <div
            class="overview-domain-measure-value"
          >
            <span
              class="offset-left"
            >
              <a>
                5
              </a>
            </span>
            <div
              class="overview-domain-measure-sup"
            >
              <a
                class="link-no-underline"
              >
                <span
                  aria-label="metric.has_rating_X.A"
                  class="rating rating-A"
                >
                  A
                </span>
              </a>
            </div>
          </div>
          <div
            class="overview-domain-measure-label display-flex-center display-flex-justify-center"
          >
            <svg
              class="little-spacer-right "
              height="16"
              space="preserve"
              style="fill-rule:evenodd;clip-rule:evenodd;stroke-linejoin:round;stroke-miterlimit:1.41421"
              version="1.1"
              viewBox="0 0 16 16"
              width="16"
              xlink="http://www.w3.org/1999/xlink"
            >
              <path
                d="M11 9h1.3l.5.8.8-.5-.8-1.3H11v-.3l2-2.3V3h-1v2l-1 1.2V5c-.1-.8-.7-1.5-1.4-1.9L11 1.8l-.7-.7-1.8 1.6-1.8-1.6-.7.7 1.5 1.3C6.7 3.5 6.1 4.2 6 5v1.1L5 5V3H4v2.3l2 2.3V8H4.2l-.7 1.2.8.5.4-.7H6v.3l-2 1.9V14h1v-2.4l1-1C6 12 7.1 13 8.4 13h.8c.7 0 1.4-.3 1.8-.9.3-.4.3-.9.2-1.4l.9.9V14h1v-2.8l-2-1.9V9zm-2 2H8V6h1v5z"
                style="fill:currentColor"
              />
            </svg>
            overview.metric.bugs
          </div>
          <a
            class="overview-domain-measure-history-link"
          >
            <svg
              height="16"
              space="preserve"
              style="fill-rule:evenodd;clip-rule:evenodd;stroke-linejoin:round;stroke-miterlimit:1.41421"
              version="1.1"
              viewBox="0 0 16 16"
              width="16"
              xlink="http://www.w3.org/1999/xlink"
            >
              <path
                d="M14.7 3.4v3.3c0 .1 0 .2-.1.2s-.2 0-.3-.1l-.9-.9-4.8 4.8c-.1.1-.1.1-.2.1s-.1 0-.2-.1L6.4 9l-3.2 3.2-1.5-1.5 4.5-4.5c.1-.1.1-.1.2-.1s.1 0 .2.1L8.4 8l3.5-3.5-.9-1c-.1-.1-.1-.2-.1-.3s.1-.1.2-.1h3.3c.1 0 .1 0 .2.1.1 0 .1.1.1.2z"
                style="fill:currentColor"
              />
            </svg>
            <span>
              project_activity.page
            </span>
          </a>
        </div>
      </div>
      <div
        class="overview-domain-timeline"
      >
        <span
          class="overview-domain-timeline-date"
        >
          overview.started_x.3 months ago
        </span>
      </div>
    </div>
    <div
      class="overview-domain-leak"
    >
      <div
        class="overview-legend overview-legend-spaced-line"
      >
        overview.new_code_period_x.overview.period.days.
      </div>
      <div
        class="overview-domain-measures"
      >
        <div
          class="overview-domain-measure"
        >
          <div
            class="overview-domain-measure-value"
          >
            <span
              class="offset-left"
            >
              <a>
                1
              </a>
            </span>
            <div
              class="overview-domain-measure-sup"
            >
              <a
                class="link-no-underline"
              >
                <span
                  aria-label="metric.has_rating_X.A"
                  class="rating rating-A"
                >
                  A
                </span>
              </a>
            </div>
          </div>
          <div
            class="overview-domain-measure-label"
          >
            <svg
              class="little-spacer-right"
              height="16"
              space="preserve"
              style="fill-rule:evenodd;clip-rule:evenodd;stroke-linejoin:round;stroke-miterlimit:1.41421"
              version="1.1"
              viewBox="0 0 16 16"
              width="16"
              xlink="http://www.w3.org/1999/xlink"
            >
              <path
                d="M11 9h1.3l.5.8.8-.5-.8-1.3H11v-.3l2-2.3V3h-1v2l-1 1.2V5c-.1-.8-.7-1.5-1.4-1.9L11 1.8l-.7-.7-1.8 1.6-1.8-1.6-.7.7 1.5 1.3C6.7 3.5 6.1 4.2 6 5v1.1L5 5V3H4v2.3l2 2.3V8H4.2l-.7 1.2.8.5.4-.7H6v.3l-2 1.9V14h1v-2.4l1-1C6 12 7.1 13 8.4 13h.8c.7 0 1.4-.3 1.8-.9.3-.4.3-.9.2-1.4l.9.9V14h1v-2.8l-2-1.9V9zm-2 2H8V6h1v5z"
                style="fill:currentColor"
              />
            </svg>
            overview.metric.new_bugs
          </div>
        </div>
      </div>
      <div
        class="overview-domain-timeline"
      />
    </div>
  </div>
</div>
`;
