// Jest Snapshot v1, https://goo.gl/fbAQLP

exports[`should render correctly 1`] = `""`;

exports[`should render languages correctly 1`] = `""`;

exports[`should render newCodePeriod correctly 1`] = `""`;
