// Jest Snapshot v1, https://goo.gl/fbAQLP

exports[`should render locations in the same file 1`] = `
<ul
  className="spacer-top"
>
  <li
    className="display-flex-column"
    key="0"
  >
    <SingleFileLocationNavigator
      index={0}
      message="Do not use foo"
      onClick={[MockFunction]}
      selected={false}
    />
  </li>
  <li
    className="display-flex-column"
    key="1"
  >
    <SingleFileLocationNavigator
      index={1}
      message="Do not use foo"
      onClick={[MockFunction]}
      selected={false}
    />
  </li>
</ul>
`;
