// Jest Snapshot v1, https://goo.gl/fbAQLP

exports[`should render correctly: index 1 1`] = `
<ButtonPlain
  aria-current="location"
  className="locations-navigator selected"
  innerRef={[Function]}
  onClick={[Function]}
  preventDefault={true}
  stopPropagation={true}
>
  <LocationIndex>
    1
  </LocationIndex>
  <LocationMessage>
    <IssueMessageHighlighting
      message=""
    />
  </LocationMessage>
</ButtonPlain>
`;

exports[`should render correctly: index 2 1`] = `
<ButtonPlain
  aria-current="location"
  className="locations-navigator selected"
  innerRef={[Function]}
  onClick={[Function]}
  preventDefault={true}
  stopPropagation={true}
>
  <LocationIndex>
    2
  </LocationIndex>
  <LocationMessage>
    <IssueMessageHighlighting
      message=""
    />
  </LocationMessage>
</ButtonPlain>
`;
