// Jest Snapshot v1, https://goo.gl/fbAQLP

exports[`render 1`] = `
<Dropdown
  overlay={
    <ul
      className="menu"
    >
      <li>
        <a
          className="js-new-project"
          href="#"
          onClick={[Function]}
        >
          provisioning.create_new_project
        </a>
      </li>
      <li
        className="divider"
      />
      <li>
        <Link
          className="js-new-organization"
          onlyActiveOnIndex={false}
          style={Object {}}
          to="/create-organization"
        >
          my_account.create_new_organization
        </Link>
      </li>
    </ul>
  }
  tagName="li"
>
  <a
    className="navbar-plus"
    href="#"
    title="my_account.create_new_project_or_organization"
  >
    <PlusIcon />
  </a>
</Dropdown>
`;
