// Jest Snapshot v1, https://goo.gl/fbAQLP

exports[`should render correctly 1`] = `
<AlmTab
  additionalColumnsHeaders={
    Array [
      "settings.pr_decoration.table.column.bitbucket.url",
    ]
  }
  additionalColumnsKeys={
    Array [
      "url",
    ]
  }
  alm="bitbucket"
  createConfiguration={[Function]}
  defaultBinding={
    Object {
      "key": "",
      "personalAccessToken": "",
      "url": "",
    }
  }
  definitions={
    Array [
      Object {
        "key": "key",
        "personalAccessToken": "asdf1234",
        "url": "http://bbs.enterprise.com",
      },
    ]
  }
  form={[Function]}
  loading={false}
  multipleAlmEnabled={true}
  onDelete={[MockFunction]}
  onUpdateDefinitions={[MockFunction]}
  updateConfiguration={[Function]}
/>
`;
